2025/09/30 19:21:35 Successfully connected to PostgreSQL
2025/09/30 19:21:35 Successfully connected to NATS
2025/09/30 19:21:35 Starting HTTP server on port 8080
2025/09/30 19:21:35 Started listening for scan results
2025/09/30 19:21:35 Failed to insert scan result: pq: insert or update on table "scan_results" violates foreign key constraint "scan_results_scan_id_fkey"
2025/09/30 19:21:35 Failed to insert scan result: pq: insert or update on table "scan_results" violates foreign key constraint "scan_results_scan_id_fkey"
2025/09/30 19:21:35 Failed to insert scan result: pq: insert or update on table "scan_results" violates foreign key constraint "scan_results_scan_id_fkey"
2025/09/30 19:21:35 Failed to insert scan result: pq: insert or update on table "scan_results" violates foreign key constraint "scan_results_scan_id_fkey"
2025/09/30 19:21:35 Failed to insert scan result: pq: insert or update on table "scan_results" violates foreign key constraint "scan_results_scan_id_fkey"
2025/09/30 19:21:35 Failed to insert scan result: pq: insert or update on table "scan_results" violates foreign key constraint "scan_results_scan_id_fkey"
2025/09/30 19:21:35 Failed to insert scan result: pq: insert or update on table "scan_results" violates foreign key constraint "scan_results_scan_id_fkey"
2025/09/30 19:21:35 Failed to insert scan result: pq: insert or update on table "scan_results" violates foreign key constraint "scan_results_scan_id_fkey"
2025/09/30 19:21:35 Failed to insert scan result: pq: insert or update on table "scan_results" violates foreign key constraint "scan_results_scan_id_fkey"
2025/09/30 19:21:35 Failed to insert scan result: pq: insert or update on table "scan_results" violates foreign key constraint "scan_results_scan_id_fkey"
2025/09/30 19:21:35 Failed to insert scan result: pq: insert or update on table "scan_results" violates foreign key constraint "scan_results_scan_id_fkey"
2025/09/30 19:21:35 Failed to insert scan result: pq: insert or update on table "scan_results" violates foreign key constraint "scan_results_scan_id_fkey"
2025/09/30 19:21:35 Failed to insert scan result: pq: insert or update on table "scan_results" violates foreign key constraint "scan_results_scan_id_fkey"
2025/09/30 19:21:35 Failed to insert scan result: pq: insert or update on table "scan_results" violates foreign key constraint "scan_results_scan_id_fkey"
2025/09/30 19:21:35 Failed to insert scan result: pq: insert or update on table "scan_results" violates foreign key constraint "scan_results_scan_id_fkey"
2025/09/30 19:21:35 Failed to insert scan result: pq: insert or update on table "scan_results" violates foreign key constraint "scan_results_scan_id_fkey"
2025/09/30 19:21:35 Failed to insert scan result: pq: insert or update on table "scan_results" violates foreign key constraint "scan_results_scan_id_fkey"
2025/09/30 19:21:35 Failed to insert scan result: pq: insert or update on table "scan_results" violates foreign key constraint "scan_results_scan_id_fkey"
2025/09/30 19:21:35 Failed to insert scan result: pq: insert or update on table "scan_results" violates foreign key constraint "scan_results_scan_id_fkey"
2025/09/30 19:21:35 Failed to insert scan result: pq: insert or update on table "scan_results" violates foreign key constraint "scan_results_scan_id_fkey"
2025/09/30 19:21:35 Failed to insert scan result: pq: insert or update on table "scan_results" violates foreign key constraint "scan_results_scan_id_fkey"
2025/09/30 19:21:35 Failed to insert scan result: pq: insert or update on table "scan_results" violates foreign key constraint "scan_results_scan_id_fkey"
2025/09/30 19:21:35 Failed to insert scan result: pq: insert or update on table "scan_results" violates foreign key constraint "scan_results_scan_id_fkey"
2025/09/30 19:21:35 Failed to insert scan result: pq: insert or update on table "scan_results" violates foreign key constraint "scan_results_scan_id_fkey"
2025/09/30 19:21:35 Failed to insert scan result: pq: insert or update on table "scan_results" violates foreign key constraint "scan_results_scan_id_fkey"
2025/09/30 19:21:35 Failed to insert scan result: pq: insert or update on table "scan_results" violates foreign key constraint "scan_results_scan_id_fkey"
2025/09/30 19:21:35 Failed to insert scan result: pq: insert or update on table "scan_results" violates foreign key constraint "scan_results_scan_id_fkey"
2025/09/30 19:21:35 Failed to insert scan result: pq: insert or update on table "scan_results" violates foreign key constraint "scan_results_scan_id_fkey"
2025/09/30 19:21:35 Failed to insert scan result: pq: insert or update on table "scan_results" violates foreign key constraint "scan_results_scan_id_fkey"
2025/09/30 19:21:35 Failed to insert scan result: pq: insert or update on table "scan_results" violates foreign key constraint "scan_results_scan_id_fkey"
2025/09/30 19:21:35 Failed to insert scan result: pq: insert or update on table "scan_results" violates foreign key constraint "scan_results_scan_id_fkey"
2025/09/30 19:21:35 Failed to insert scan result: pq: insert or update on table "scan_results" violates foreign key constraint "scan_results_scan_id_fkey"
2025/09/30 19:21:35 Failed to insert scan result: pq: insert or update on table "scan_results" violates foreign key constraint "scan_results_scan_id_fkey"
2025/09/30 19:21:35 Failed to insert scan result: pq: insert or update on table "scan_results" violates foreign key constraint "scan_results_scan_id_fkey"
2025/09/30 19:22:00 Failed to insert scan result: pq: insert or update on table "scan_results" violates foreign key constraint "scan_results_scan_id_fkey"
2025/09/30 19:22:00 Failed to insert scan result: pq: insert or update on table "scan_results" violates foreign key constraint "scan_results_scan_id_fkey"
2025/09/30 19:22:00 Failed to insert scan result: pq: insert or update on table "scan_results" violates foreign key constraint "scan_results_scan_id_fkey"
2025/09/30 19:22:00 Failed to insert scan result: pq: insert or update on table "scan_results" violates foreign key constraint "scan_results_scan_id_fkey"
2025/09/30 19:22:00 Failed to insert scan result: pq: insert or update on table "scan_results" violates foreign key constraint "scan_results_scan_id_fkey"
2025/09/30 19:22:00 Failed to insert scan result: pq: insert or update on table "scan_results" violates foreign key constraint "scan_results_scan_id_fkey"
2025/09/30 19:22:00 Failed to insert scan result: pq: insert or update on table "scan_results" violates foreign key constraint "scan_results_scan_id_fkey"
2025/09/30 19:22:00 Failed to insert scan result: pq: insert or update on table "scan_results" violates foreign key constraint "scan_results_scan_id_fkey"
2025/09/30 19:22:00 Failed to insert scan result: pq: insert or update on table "scan_results" violates foreign key constraint "scan_results_scan_id_fkey"
2025/09/30 19:22:00 Failed to insert scan result: pq: insert or update on table "scan_results" violates foreign key constraint "scan_results_scan_id_fkey"
2025/09/30 19:22:00 Failed to insert scan result: pq: insert or update on table "scan_results" violates foreign key constraint "scan_results_scan_id_fkey"
2025/09/30 19:22:00 Failed to insert scan result: pq: insert or update on table "scan_results" violates foreign key constraint "scan_results_scan_id_fkey"
2025/09/30 19:22:00 Failed to insert scan result: pq: insert or update on table "scan_results" violates foreign key constraint "scan_results_scan_id_fkey"
2025/09/30 19:22:00 Failed to insert scan result: pq: insert or update on table "scan_results" violates foreign key constraint "scan_results_scan_id_fkey"
2025/09/30 19:22:00 Failed to insert scan result: pq: insert or update on table "scan_results" violates foreign key constraint "scan_results_scan_id_fkey"
2025/09/30 19:22:00 Failed to insert scan result: pq: insert or update on table "scan_results" violates foreign key constraint "scan_results_scan_id_fkey"
2025/09/30 19:22:00 Failed to insert scan result: pq: insert or update on table "scan_results" violates foreign key constraint "scan_results_scan_id_fkey"
2025/09/30 19:26:14 Shutting down server...
2025/09/30 19:26:14 Server shutdown complete
